note: Running TeX ...
warning: sections/S03_algorithms:21: Overfull \hbox (4.2048pt too wide) in paragraph at lines 20--21
warning: sections/S05_provenance:11: Underfull \hbox (badness 10000) in paragraph at lines 11--11
warning: sections/S05_provenance:11: Underfull \hbox (badness 10000) in paragraph at lines 11--11
warning: sections/S05_provenance:11: Overfull \hbox (5.8208pt too wide) in paragraph at lines 11--11
warning: sections/S05_provenance:12: Underfull \hbox (badness 10000) in paragraph at lines 12--12
warning: sections/S05_provenance:13: Underfull \hbox (badness 10000) in paragraph at lines 12--13
warning: sections/S05_provenance:13: Underfull \hbox (badness 10000) in paragraph at lines 13--13
warning: sections/S05_provenance:13: Underfull \hbox (badness 10000) in paragraph at lines 13--13
warning: sections/S05_provenance:13: Overfull \hbox (5.8208pt too wide) in paragraph at lines 13--13
warning: sections/S05_provenance:16: Underfull \hbox (badness 4353) in paragraph at lines 15--16
warning: sections/S05_provenance:18: Underfull \hbox (badness 10000) in paragraph at lines 18--18
warning: sections/S05_provenance:18: Overfull \hbox (2.92433pt too wide) in paragraph at lines 18--18
warning: sections/S05_provenance:18: Underfull \hbox (badness 10000) in paragraph at lines 18--18
warning: sections/S06_topological_order:11: Overfull \hbox (4.2197pt too wide) in paragraph at lines 10--11
warning: sections/S06_topological_order:11: Overfull \hbox (319.42471pt too wide) in paragraph at lines 10--11
warning: sections/S07_parameters:13: Underfull \hbox (badness 10000) in paragraph at lines 12--13
warning: sections/S07_parameters:18: Underfull \hbox (badness 10000) in paragraph at lines 17--18
warning: sections/S08_benchmarks:14: Overfull \hbox (132.29123pt too wide) in paragraph at lines 13--14
warning: sections/S08_benchmarks:14: Overfull \hbox (7.61725pt too wide) in paragraph at lines 13--14
warning: sections/S09_protocol:1: Overfull \hbox (10.44556pt too wide) in paragraph at lines 15--1
warning: sections/S09_protocol:1: Underfull \hbox (badness 10000) in paragraph at lines 15--1
warning: sections/S09_protocol:7: Overfull \hbox (156.1751pt too wide) in paragraph at lines 6--7
warning: sections/S11_exp10:1: Overfull \hbox (68.54788pt too wide) in paragraph at lines 24--1
warning: sections/S11_exp10:1: Overfull \hbox (29.24066pt too wide) in paragraph at lines 24--1
warning: sections/S11_exp10:1: Underfull \hbox (badness 10000) in paragraph at lines 24--1
warning: sections/S15_limitations:10: Overfull \hbox (8.59743pt too wide) in paragraph at lines 9--10
note: Rerunning TeX because "online_resource_1.toc" changed ...
warning: sections/S03_algorithms:21: Overfull \hbox (4.2048pt too wide) in paragraph at lines 20--21
warning: sections/S05_provenance:11: Underfull \hbox (badness 10000) in paragraph at lines 11--11
warning: sections/S05_provenance:11: Underfull \hbox (badness 10000) in paragraph at lines 11--11
warning: sections/S05_provenance:11: Overfull \hbox (5.8208pt too wide) in paragraph at lines 11--11
warning: sections/S05_provenance:12: Underfull \hbox (badness 10000) in paragraph at lines 12--12
warning: sections/S05_provenance:13: Underfull \hbox (badness 10000) in paragraph at lines 12--13
warning: sections/S05_provenance:13: Underfull \hbox (badness 10000) in paragraph at lines 13--13
warning: sections/S05_provenance:13: Underfull \hbox (badness 10000) in paragraph at lines 13--13
warning: sections/S05_provenance:13: Overfull \hbox (5.8208pt too wide) in paragraph at lines 13--13
warning: sections/S05_provenance:16: Underfull \hbox (badness 4353) in paragraph at lines 15--16
warning: sections/S05_provenance:18: Underfull \hbox (badness 10000) in paragraph at lines 18--18
warning: sections/S05_provenance:18: Overfull \hbox (2.92433pt too wide) in paragraph at lines 18--18
warning: sections/S05_provenance:18: Underfull \hbox (badness 10000) in paragraph at lines 18--18
warning: sections/S06_topological_order:11: Overfull \hbox (4.2197pt too wide) in paragraph at lines 10--11
warning: sections/S06_topological_order:11: Overfull \hbox (319.42471pt too wide) in paragraph at lines 10--11
warning: sections/S07_parameters:13: Underfull \hbox (badness 10000) in paragraph at lines 12--13
warning: sections/S07_parameters:18: Underfull \hbox (badness 10000) in paragraph at lines 17--18
warning: sections/S08_benchmarks:14: Overfull \hbox (132.29123pt too wide) in paragraph at lines 13--14
warning: sections/S08_benchmarks:14: Overfull \hbox (7.61725pt too wide) in paragraph at lines 13--14
warning: sections/S09_protocol:1: Overfull \hbox (10.44556pt too wide) in paragraph at lines 15--1
warning: sections/S09_protocol:1: Underfull \hbox (badness 10000) in paragraph at lines 15--1
warning: sections/S09_protocol:7: Overfull \hbox (156.1751pt too wide) in paragraph at lines 6--7
warning: sections/S11_exp10:1: Overfull \hbox (68.54788pt too wide) in paragraph at lines 24--1
warning: sections/S11_exp10:1: Overfull \hbox (29.24066pt too wide) in paragraph at lines 24--1
warning: sections/S11_exp10:1: Underfull \hbox (badness 10000) in paragraph at lines 24--1
warning: sections/S15_limitations:10: Overfull \hbox (8.59743pt too wide) in paragraph at lines 9--10
note: Rerunning TeX because "online_resource_1.toc" changed ...
warning: sections/S03_algorithms:21: Overfull \hbox (4.2048pt too wide) in paragraph at lines 20--21
warning: sections/S05_provenance:11: Underfull \hbox (badness 10000) in paragraph at lines 11--11
warning: sections/S05_provenance:11: Underfull \hbox (badness 10000) in paragraph at lines 11--11
warning: sections/S05_provenance:11: Overfull \hbox (5.8208pt too wide) in paragraph at lines 11--11
warning: sections/S05_provenance:12: Underfull \hbox (badness 10000) in paragraph at lines 12--12
warning: sections/S05_provenance:13: Underfull \hbox (badness 10000) in paragraph at lines 12--13
warning: sections/S05_provenance:13: Underfull \hbox (badness 10000) in paragraph at lines 13--13
warning: sections/S05_provenance:13: Underfull \hbox (badness 10000) in paragraph at lines 13--13
warning: sections/S05_provenance:13: Overfull \hbox (5.8208pt too wide) in paragraph at lines 13--13
warning: sections/S05_provenance:16: Underfull \hbox (badness 4353) in paragraph at lines 15--16
warning: sections/S05_provenance:18: Underfull \hbox (badness 10000) in paragraph at lines 18--18
warning: sections/S05_provenance:18: Overfull \hbox (2.92433pt too wide) in paragraph at lines 18--18
warning: sections/S05_provenance:18: Underfull \hbox (badness 10000) in paragraph at lines 18--18
warning: sections/S06_topological_order:11: Overfull \hbox (4.2197pt too wide) in paragraph at lines 10--11
warning: sections/S06_topological_order:11: Overfull \hbox (319.42471pt too wide) in paragraph at lines 10--11
warning: sections/S07_parameters:13: Underfull \hbox (badness 10000) in paragraph at lines 12--13
warning: sections/S07_parameters:18: Underfull \hbox (badness 10000) in paragraph at lines 17--18
warning: sections/S08_benchmarks:14: Overfull \hbox (132.29123pt too wide) in paragraph at lines 13--14
warning: sections/S08_benchmarks:14: Overfull \hbox (7.61725pt too wide) in paragraph at lines 13--14
warning: sections/S09_protocol:1: Overfull \hbox (10.44556pt too wide) in paragraph at lines 15--1
warning: sections/S09_protocol:1: Underfull \hbox (badness 10000) in paragraph at lines 15--1
warning: sections/S09_protocol:7: Overfull \hbox (156.1751pt too wide) in paragraph at lines 6--7
warning: sections/S11_exp10:1: Overfull \hbox (68.54788pt too wide) in paragraph at lines 24--1
warning: sections/S11_exp10:1: Overfull \hbox (29.24066pt too wide) in paragraph at lines 24--1
warning: sections/S11_exp10:1: Underfull \hbox (badness 10000) in paragraph at lines 24--1
warning: sections/S15_limitations:10: Overfull \hbox (8.59743pt too wide) in paragraph at lines 9--10
warning: warnings were issued by the TeX engine; use --print and/or --keep-logs for details.
note: Running xdvipdfmx ...
note: Writing `online_resource_1.pdf` (127.1845703125 KiB)
note: Writing `online_resource_1.log` (18.1181640625 KiB)
note: Skipped writing 3 intermediate files (use --keep-intermediates to keep them)
Pages:           12
